d:\cst\cst\cst\x64\release\vc143.pdb
d:\cst\cst\cst\x64\release\tokenizer.obj
d:\cst\cst\cst\x64\release\preprocessor.obj
d:\cst\cst\cst\x64\release\parser.obj
d:\cst\cst\cst\x64\release\main.obj
d:\cst\cst\cst\x64\release\beckhoff.obj
d:\cst\cst\cst\x64\release\allen_bradley.obj
d:\cst\cst\cst\x64\release\cst.obj
d:\cst\cst\x64\release\cst.exe
d:\cst\cst\x64\release\cst.pdb
d:\cst\cst\cst\x64\release\cst.ipdb
d:\cst\cst\cst\x64\release\cst.iobj
d:\cst\cst\cst\x64\release\cst.tlog\cl.command.1.tlog
d:\cst\cst\cst\x64\release\cst.tlog\cl.items.tlog
d:\cst\cst\cst\x64\release\cst.tlog\cl.read.1.tlog
d:\cst\cst\cst\x64\release\cst.tlog\cl.write.1.tlog
d:\cst\cst\cst\x64\release\cst.tlog\link.command.1.tlog
d:\cst\cst\cst\x64\release\cst.tlog\link.read.1.tlog
d:\cst\cst\cst\x64\release\cst.tlog\link.secondary.1.tlog
d:\cst\cst\cst\x64\release\cst.tlog\link.write.1.tlog
